RRRDRDRRURURUUUULLRRRRULLLLWRRA
Result: Nothing
Score: 370
        ################
        #     #!!  t   #
        #  R  #        #
#########** **# .\\\.  #
#..........*..# *WWWWW #
#..W.\\\#..W..#\**WWWW #
#..WLW\\#WWW..#####W####
#..WWWW\#.WW..*\*\*W...#
#.....WWTWWW...\.\...\\#
#......WW .     **     #
############....\.######
           #.....!#     
           ########     

