RRWSSRUSULSSSSSSSSSSSSSSSUSRSRSSRRSSRRSDSSDDSDSSRSDSDSRSRD
Result: Fail
Score: 92
        ################
        #*****#!!  t   #
        #..\..#     WWW#
#########\\\\ # .\\\.WW#
#....WWWW   ..# *WWWWWW#
#..W.WW\#.. ..#\**WWWWW#
#..WLWW\#WWW .#####W####
#..WWWW\#..W . \*\*W...#
#.......T..W  *\.\...\\#
#..........WWWR **     #
############....\.######
           #.....!#     
           ########     

