RRRRDDRRURUURUULULURRRRDLLLLUURRRRWWWLLLRRRDA
Result: Nothing
Score: 406
        ################
        #     #!!  t   #
        #     #        #
#########****R# .\\\.WW#
#........WWWW*# *WWWWWW#
#..W.\\\#.WW..#\**WWWWW#
#..WLW\\#WWW..#####W####
#..WWWWW#.WW..*\*\*W...#
#......WTWWW...\.\...\\#
#......WWW.WW   **     #
############....\.######
           #.....!#     
           ########     

