RRRRDDRRUURURUULULURLRRRULLLWWRRRRLLA
Result: Nothing
Score: 414
        ################
        #     #!!  t   #
        #  R  #        #
#########* ***# .\\\.  #
#........W*...# *WWWWW #
#..W.\\\#.WW..#\**WWWW #
#..WLW\\#WWW..#####W####
#..WWWWW#WWW..*\*\*W...#
#......WTW.W...\.\...\\#
#......WW .     **     #
############....\.######
           #.....!#     
           ########     

