RDRRRRLLLLRRDDDRRDSDSDDLLUDLLUDLD
Result: Fail
Score: 117
        ################
        #*****#        #
        #..\..#        #
#########\\\\ # . \\.  #
#.............# *      #
#..W.\\\#..!..#\**     #
#..WLW\\#WWW..##### ####
#..WW\\\#..W..      ...#
#...WWW  ..W..*     .\\#
#..........   R****    #
############....\.######
           #.....!#     
           ########     

