UURRRDD
Result: Fail
Score: 93
        #L#######         
        #**  \\ #         
        #\\\ .. #         
#########.##*   ##########
#.......\ ..........*   .#
#*******\......#....#\\ .#
###\.\\\...**..#....... *#
#*****\\  .\\..##     #\.#
######### ....  ##########
        #       #         
        ####*####         
        #.......#         
#########  \\\\*##########
#*     *#     *..*\ \\\\\#
#. ****** .....**.# \\##\#
#\ ..R...     .\\.. \\\\\#
##########################
