UUUUULLLLLLUUUUULLUULLLDRDUUUUUUURRRUDLLUUURRRDRRRRLLUURRRRLLLLLLLLLLLLLLLLLDDLLLLLDRULLLDDRLDDLLRRUUUUURDDDDDLDDDDDLLDDRRRRRRDDLLLDDRRRRRDLLLLLDDDRRRRRRRRRRUUURRRRUUUUULLURRDRRRRRRRRRUUULRULLLDDDDRRRDDDDDDLLLLLUA
Result: Nothing
Score: 2338
#############################
#.........                  #
#..  ###.. #....        ###.#
#..        #.... . ##     #.#
#..  * ... #.... . # #....#.#
#..  ###.. #....     #....#.#
#..  ..... .....  ####......#
#    #....           .......#
#.. *#..#. .....*  ##.......#
#.# ...... ...#..  ....######
#.  ..#... ...#.    ...#    #
##. ...... ...#.  # ...# #  #
#   .. ... .....  #   .. .* #
#    .  .......*      .. .# #
# *** * ........**          #
#.#####    .###### ** ##### #
#...    .......... .. ..... #
#...     ...#.##.. ..       #
#...      ..#..... ...*.... #
#...   *  ..#.    *  #R###. #
#... **** ..#. .. ...#      #
#... .... ..#. .. ...#..... #
#...              ........#*#
###########################O#

