LUD
Result: Fail
Score: 22
        #L#######         
        #**  \\ #         
        #\\\ .. #         
#########.##*   ##########
#.......\ ..........*   .#
#*******\......#....#\\ .#
###\.\\\...**..#....... *#
#*****\\  .\\..##     #\.#
######### ....  ##########
        #       #         
        ####*####         
        #.......#         
#########  \\\\*##########
# \\  **#     *..*\ \\\\\#
#*\**\*** .....**.# \\##\#
#R ......     .\\.. \\\\\#
##########################
