RUULRRRRRRRRRRUUURRDDDDDLLLLLLLLLRRRRRRRRRUUUUULUURUUULULLULLLLLLDDRRRDULLLULULLDLUDDRLDDDDDDRRRRRRRR
Result: Win
Score: 1174
###############
#             #
#  # ##### * ##
#  #    .*##* #
# ##### ...## #
# ......####  #
# .######* #  #
# .#. *...## ##
# ##. ..  * * #
#        O# # #
########### # #
#           # #
## ########## #
#  #          #
###############
