UUUUULLLLLLDRURDRDRLLDDRRRRUULURRUUUUUULRULLLDDDDULLLULLLUUULLULUDDDLULDDRRDUULDLRLDLDDRRULRRRRLLLLLLLLUUUUUUURUUULLLDRULLLURRDDLDDRLURRURRDLLLLDDDLLLDDDDRRRRRDDDDLLLLDDDRURRRRRLLLDDDRRRRULLLLURRRRRRRURRDDDRRRURRRURRRRRRRRUUUUUUUULLLDDLLLUUUUURUUUULRRRRRLLUUURRRRRLLLLLLLLLDDDDRRU
Result: Fail
Score: 398
#############################
#..........................\#
#..\\###...#....        ###.#
#..\*\\\.. #.... ..##\\..\#.#
#..\ \.... #.... ..#\#....#.#
#...*###.. #.... ....#....#.#
#...R      ..... .####......#
#\\. #  .            .......#
#... #..#  .....   ##.......#
#.#.....   ...#     ...######
#. ...#. . ...#     ...#    #
##...... . ...#   # ...# #  #
#.....*. . ...    #   .. .* #
#.***.*         *****    .# #
#.\\\.. ...... **.......    #
#.#####    .######    ##### #
#....\\.................... #
#....****...#.##.....       #
#....\\\\...#........*      #
#....\\\\...#.\\.    # ###  #
#....     ..#.... ...#      #
#........ ..#.... ...#..... #
#........         ........#*#
###########################L#

UUUUULLLLLLDURRDLDDRRRRUUURUUUUUULRULLLDDDLLLLULDLLUULLDDULULDDRDUUUURUUUURRRUURDLLUUUURDRRDRRRRDDDRRUUUUULLLLLLLLLLLLLLLLLDLLDLLLDRULLULDDDRLDDLLDDDRDDLDDRRRRRRDR
Result: Nothing
Score: 1787
#############################
#.........                  #
#..  ###   #....        ### #
#..      . #.... . ##     # #
#..  * ... #.... . # #... # #
#..  ###.. #....     #... # #
#..  ..... .....  ####...   #
#    #....           .......#
# ..*#..#. .....   ##.......#
# #....... ...#.   ....######
#  ...#... ...#     ...#    #
## ....... ...#   # ...# #  #
#  ... ... .... * #   .. .* #
#    .  .......******    .# #
# *** **................    #
#.##### R  .######    ##### #
#....\\.................... #
#....****...#.##.....       #
#....\\\\...#........*  ..  #
#....\\\\...#.\\.    # ###  #
#....     ..#.... ...#      #
#........ ..#.... ...#..... #
#........         ........#*#
###########################L#

UUUUUUDLLLLLLRDDDRRRLLDULLDRDDRRRLLLLUULLLLDLLLLDDDLLLLLUULULLLURRRRULLLULRRUULLLLLLLUUURUULUUURRRUULUUURDDRURRRDDRDDRRRRRRDDDRRUUUUURRRUDDLLUUURRRDRRRRDDDRRRUUUUUULLLLLLLLLLLLDDDDDDDDDRDDRDLLLULLDRDUURURRDDRRRRRUURLDDDDRRRUUUULDRDDDDDDDDDDDD
Result: Win
Score: 3583
#############################
#..............             #
#..  ###...#...         ### #
#..      . #...  . ##     # #
#..   .. . #...  . # #... # #
#..  ###   #...      #... # #
#... ....  ....   ####...   #
#   *#...            .......#
# ..*#..#. .... *  ##.......#
# #....... ...# .  ....######
#  ...#... ...#     ...# *  #
## ....... ...#   # ...# #  #
#  ... ... ....   #      .* #
#    .  .......******... .# #
# *** * ................    #
#.#####    .######    ##### #
#....   ................... #
#....     ..#.##.....       #
#....     ..#.....     *... #
#....  * ...#.       # ###. #
#....**** ..#. .. ...#    . #
#........ ..#. .. ...#..... #
#........         ........# #
###########################O#

UUUUDDUUUUUUUUULRULLLDDDDRRDRDDDLLLLLLLDRURRDLDDRRRRRUUULLLLLLLLLLLLLLLLLLLLLLLLDDLLLUUUULDDLDDDDULLLULLLLDRRRRUUUULDLLLLLLUURRRRRRUUULLLLLUURUUULLUURRRULUUURDDRURRRRRDDDDDRRRRRRRURRDDDLULURRDDDDUUUUUUURRRUDDLULUUURRRDRRRRLLUUURRRRRDDDDDDDDDDDDDDDDDLLLLLLLDDDDLLUULLDLLDDLDDRRULURURURRRDDRDDDDDRRRRRR
Result: Nothing
Score: 2250
#############################
#......................     #
#..  ###...#....        ### #
#..        #.... . ##     # #
#..   .... #.... . # #....# #
#    ###.. #....     #....# #
# .. ..... .....  ####..... #
#    #....           ...... #
#.. *#..#.         ##       #
#.# ...... ...#    .. .######
#.  ..#... ...#.      .#    #
## *    .. ...#   #   .# #  #
#.....  .. ...    #   .. .* #
#.   .  ......  ***** .. .# #
# *** * ...... **.... ..    #
# #####    .######    ##### #
#        ..   ....... ..... #
#....    .. # ##           R#
#...     .. # .. ... *  ... #
#...        #        # ###. #
#....**** . #.... ...#      #
#........ ..#.... ...#..... #
#........*        ........#*#
###########################O#