RUULRRRRRRRRRRUUURUURUUULULLULLLLLLLLDDLDDDDDDUUUUUUUURRRDDRRRDA
Result: Nothing
Score: 737
###############
#             #
#  # ##### * ##
#  #    .*##* #
# #####R...## #
# ......####  #
# .######* #  #
# .#. *...## ##
# ##. ..  * *.#
# ...... L# #.#
########### #.#
#           #.#
## ##########.#
#  #\.........#
###############

