DDDDLDDRRRRUUUUUUUULLLLLULLLLLLLLUUDDDDLLLLLRRRRRRRRRRRRRRRRRRRRRUUUUUUUDLLLLLLLLLLLLLLDRDDDDDRRDDDDRRRRRRDRRRRRRRRRUDRRRRRRRUUURRLDLLLLLLRURRUUULLLDRRRDDLLLLLLLLLLLLLLLLULLLLULLLLUUUULWWWWWRRLWRWWWWDDDDLLLLLLRRRUDRRRRRWWWWA
Result: Nothing
Score: 877
########################             
#..................... #             
#......                #             
#......   . ......* .. #             
#..       . .*..... .. #             
#.. ..    . ....... .. #             
#.. ..         .... .. #   ######    
#.  .               .. #   #    #    
#*        R            #   #    #    
###########            ######## #####
          # ...                     #
          # .... .. . ......  *    *#
          #*      . . .... ....** *\#
          #....                ***..L
          #.... ... ............****#
          #....     *...............#
          #...........     .........#
          #.........................#
          ###########################

