RRUUULLUUUUURUUURRRRDDDRD
Result: Fail
Score: 275
#################         
#     #   *  *  #         
#  ##   !!#..@. ####      
#      ...####.....#      
#     \@...........#      
#   # R\@    #  #.########
#   # ..\@   #   ..      #
#   # .. \@  #   ..      #
#   # *.. \@    #######WW#
#*  # ###  \@   #     #WW#
### #       \@  #     ##L#
#.. #@@**@@**\@ #         
#   .........!\##         
#################         

