RRUULULLUUUUURRRRDDDDDDDRRRRRRRLR
Result: Fail
Score: 192
#################         
# \\\\#   *  *  #         
#  ##   !!#..@. ####      
#     @...####.....#      
#     \@...........#      
#   # .\@    #  #.########
#   # ..\@   #   ..      #
#   # .. \@  #   ..      #
#   # *.. \     #######WW#
#*  # ###  \\   #     #WW#
### #       R@  #     ##L#
#.. #@@**@@**\@ #         
#   .........!\##         
#################         

