RRRRRDDDDDDDDDDLLLRRRRRRRURRUUURLURRRRURRURRRRRDDRRDDRRRRRRRRRURDDDDRRRLULLRRRRRLLLLULULLLLLULLLLUUULLLLLLDDDDDDDLLLLLLDDDLLLDDURURDUURUUURRRRRUUURUUURRRRDDRRRRRRRRRRRRRURRRDDDLLLLDDDDDLLLLLRRRRRRRRRRRRRRRRRRRRRRRRRRRRRRRRRRRRLLLLLLLLLLUULLLLLLLLUUUULLLDRDLDRRDRRRURRRRRRURRRRRRUUURRRR
Result: Win
Score: 5415
#######################################
#    ................#..            ..#
#** *  ..##############################
#.. .. ...............................#
#.. .. .....                    ......#
#.. .*  ....  .    #. . ... ..........#
#.. ..  ....   *  .#. .   . ..........#
#.. ..  .... *..  .#...             ..#
#.. ..  .... ...  .#.....           ..#
#.. ..  .... ...  .#.......*....  . ..#
#.. ..  ..        .#.............     #
#..*        *     .#...............* *#
########### ############## ############
#...*.....  ..........................#
#....*..    ............        ......#
#... .     *.............. ..... .....#
#....**  . .....########.. ..... .    O
#...*... . .....#   #..... ... ... ...#
#.....     .....#   #....**.. * .. ...#
#....  **.......#   # ...... ***   ...#
#..... .........#   #        .*.......#
#..... .........#..  * * ** ..........#
######       ############## ### #######
#                                     #
#######################################

