UUUUUDDUUDDUDLDDLULDLLRRDRRRRUULDLULLLLLDLRULLLDDLULDLURLUULURURRLLDLLLLLLLURRRRRRUURRRDDLL
Result: Win
Score: 1709
     ######            
     #....#            
     #.  .#            
     #. *.#            
     #  *.#            
###### ** ######       
#  ..  *. .....#       
#     *O   ....#       
#**      ****..#       
######*  ...###########
     ### ..           #
       #    #*    .   #
       #*   #....     #
       ################

