RRRRDDRDDDDDDRRRRRDDDDLLLLDDRDULULULLRRDDRRRDDDDLLLLLLLLLUUUURUURRRRDULLDDLDRLUURRUDDLLDDDRRULUUUURRRRRRRRUUUULUUURUUUURRRRRUURRRRDDRRRRRRRRRRRLDDRRRRRUUUUURUULLLLLLLLRRRRRRRRRRRRRRRUUUUUUURRRRRRRRRRRRRRRRRRRRRRDDDLLLDDDDRRRLULLLLLLLLLLLLLRRRDDDDDDDRDDDDDDRRRRRRRRRRLLLLLLLLLLLLLLLLLLLLLLLLLLLLLLLLLLLLRRRRRRRRRRRRRRRRRRRRRRRRRRUULLLLLLLLLLUUUURRRDDLLDURUDDRDRRRRURRRRRRDRRRRRUUUURRURR
Result: Win
Score: 5315
#######################################
#    ................#..            ..#
#** * ...##############################
#.. . ................................#
#.. .  .....                          #
#.. .*  ....  . .  #. ..... ......... #
#.. ..  ....   *   #. ..... ......... #
#.. ..  .... *.... #.......    *      #
#.. ..  .... ..... #....... ...... ...#
#.. ..  .... ..... #....... ...... ...#
#.. ..       ..... #...               #
#..*        *      #...... ....... * *#
########### ############## ############
#.           ............. ...........#
#.          ............        ......#
#          *.............. ..... .....#
# .   ** . .....########.. ..... ...  O
# .   .. . .....#   #.....  ..*...   .#
# .        .....#   #....** .***.. ...#
#   ** *** .....#   # ..... ...... ...#
#...............#   # .        ... ...#
#...............#    *  *** . *    ...#
######       ############## ### #######
#                                     #
#######################################

