LULLLLULDRRURRRRDLLDRRULLLLLLLLRULLLDDLLLURRULLRRRULLLLURURRULUDDDLLLUUURRRDDLL
Result: Win
Score: 1721
     ######            
     #....#            
     #.  .#            
     #. *.#            
     #. *.#            
###### ** ######       
#  ... *.  ....#       
#  ...*O   ....#       
#**         *..#       
######*     ###########
     ###       ..     #
       #    #*        #
       #****#......   #
       ################

