RRD
Result: Fail
Score: -3
     ######            
     #....#            
     #.**.#            
     #.**.#            
     #.**.#            
######.\\.######       
#**....*.......#       
#\\....L\\\....#       
#T...... ****..#       
######  *...###########
     ###R....*.....\\\#
       #\\\\#..t...\\\#
       #\\\\#......\\\#
       ################

